../Core/Src/main.c:76:5:main	72	static
../Core/Src/main.c:154:6:SystemClock_Config	88	static
../Core/Src/main.c:200:13:MX_USART3_UART_Init	8	static
../Core/Src/main.c:233:13:MX_USB_OTG_FS_PCD_Init	8	static
../Core/Src/main.c:268:13:MX_GPIO_Init	56	static
../Core/Src/main.c:351:6:vApplicationIdleHook	16	static
../Core/Src/main.c:371:6:led14_handler	24	static
../Core/Src/main.c:406:6:led0_handler	24	static
../Core/Src/main.c:435:6:HAL_TIM_PeriodElapsedCallback	16	static
../Core/Src/main.c:452:6:Error_Handler	4	static,ignoring_inline_asm
